=== FINAL QA SCENARIOS ===

[TASK 1] Dead files removed
  poc.py                          → GONE ✅
  thuis/downloader_yt.py          → GONE ✅
  thuis/config.py                 → GONE ✅
  tests/test_downloader_yt.py     → GONE ✅
  src/thuis/main.py.backup        → GONE ✅
  __init__.py                     → GONE ✅

[TASK 2] Simplified __init__.py
  python -c "import thuis; print('OK')"  → OK ✅
  python -m thuis.main --help           → MODULE HELP OK ✅

[TASK 3] No DEBUG print
  from thuis.main import get_credentials  → OK (no [DEBUG] output) ✅

[TASK 5] logs/ gitignored
  git check-ignore logs/thuis.log  → logs/thuis.log ✅

[TASK 6] --log-level flag + log file creation
  --log-level in --help output     → Found ✅
  dry-run creates logs/thuis.log   → LOG FILE CREATED ✅

[TASK 8] No poc.py in README
  grep "poc.py" README.md          → NO_POC_REFS ✅
  grep "logs/" README.md           → 2 references ✅

[TASK 9] No poc.py in dev docs
  grep "poc.py" website/docs/development.md → NO_POC_REFS ✅

=== SUMMARY ===
Tests: 112 passed / 0 failed
QA Scenarios: 10/10 pass
VERDICT: ✅ APPROVE
